Carrion Crow	Corvus corone	carrioncrow.jpg
Rook	Corvus frugilegus	rook.jpg
Jackdaw	Coloeus monedula	jackdaw.jpg
Raven	Corvus corax	raven.jpg
Hooded Crow	Corvus cornix	hoodedcrow.jpg
Feral Pigeon	Columba livia	feralpigeon.jpg
Stock Dove	Columba oenas	stockdove.jpg
Turtle Dove	Streptopelia turtur	turtledove.jpg
Marsh Tit	Poecile palustris	marshtit.jpg
Willow Tit	Poecile montanus	willowtit.jpg
Crested Tit	Lophophanes cristatus	crestedtit.jpg
Bearded Tit	Panurus biarmicus	beardedtit.jpg
Treecreeper	Certhia familiaris	treecreeper.jpg
Goldcrest	Regulus regulus	goldcrest.jpg
Firecrest	Regulus ignicapilla	firecrest.jpg
Chiffchaff	Phylloscopus collybita	chiffchaff.jpg
Willow Warbler	Phylloscopus trochilus	willowwarbler.jpg
Wood Warbler	Phylloscopus sibilatrix	woodwarbler.jpg
Blackcap	Sylvia atricapilla	blackcap.jpg
Garden Warbler	Sylvia borin	gardenwarbler.jpg
Whitethroat	Curruca communis	whitethroat.jpg
Lesser Whitethroat	Curruca curruca	lesserwhitethroat.jpg
Sedge Warbler	Acrocephalus schoenobaenus	sedgewarbler.jpg
Reed Warbler	Acrocephalus scirpaceus	reedwarbler.jpg
Grasshopper Warbler	Locustella naevia	grasshopperwarbler.jpg
Cetti's Warbler	Cettia cetti	cettiswarbler.jpg
Dartford Warbler	Curruca undata	dartfordwarbler.jpg
Spotted Flycatcher	Muscicapa striata	spottedflycatcher.jpg
Pied Flycatcher	Ficedula hypoleuca	piedflycatcher.jpg
Redstart	Phoenicurus phoenicurus	redstart.jpg
Black Redstart	Phoenicurus ochruros	blackredstart.jpg
Nightingale	Luscinia megarhynchos	nightingale.jpg
Stonechat	Saxicola rubicola	stonechat.jpg
Whinchat	Saxicola rubetra	whinchat.jpg
Wheatear	Oenanthe oenanthe	wheatear.jpg
Fieldfare	Turdus pilaris	fieldfare.jpg
Redwing	Turdus iliacus	redwing.jpg
Mistle Thrush	Turdus viscivorus	mistlethrush.jpg
Ring Ouzel	Turdus torquatus	ringouzel.jpg
Linnet	Linaria cannabina	linnet.jpg
Lesser Redpoll	Acanthis cabaret	lesserredpoll.jpg
Common Redpoll	Acanthis flammea	commonredpoll.jpg
Twite	Linaria flavirostris	twite.jpg
Hawfinch	Coccothraustes coccothraustes	hawfinch.jpg
Crossbill	Loxia curvirostra	crossbill.jpg
Brambling	Fringilla montifringilla	brambling.jpg
Tree Sparrow	Passer montanus	treesparrow.jpg
Reed Bunting	Emberiza schoeniclus	reedbunting.jpg
Corn Bunting	Emberiza calandra	cornbunting.jpg
Cirl Bunting	Emberiza cirlus	cirlbunting.jpg
Snow Bunting	Plectrophenax nivalis	snowbunting.jpg
Skylark	Alauda arvensis	skylark.jpg
Woodlark	Lullula arborea	woodlark.jpg
Meadow Pipit	Anthus pratensis	meadowpipit.jpg
Tree Pipit	Anthus trivialis	treepipit.jpg
Rock Pipit	Anthus petrosus	rockpipit.jpg
Yellow Wagtail	Motacilla flava	yellowwagtail.jpg
Sand Martin	Riparia riparia	sandmartin.jpg
Green Woodpecker	Picus viridis	greenwoodpecker.jpg
Lesser Spotted Woodpecker	Dryobates minor	lesserspottedwoodpecker.jpg
Cuckoo	Cuculus canorus	cuckoo.jpg
Little Owl	Athene noctua	littleowl.jpg
Short-eared Owl	Asio flammeus	shortearedowl.jpg
Long-eared Owl	Asio otus	longearedowl.jpg
Sparrowhawk	Accipiter nisus	sparrowhawk.jpg
Goshawk	Accipiter gentilis	goshawk.jpg
Peregrine	Falco peregrinus	peregrine.jpg
Hobby	Falco subbuteo	hobby.jpg
Merlin	Falco columbarius	merlin.jpg
Marsh Harrier	Circus aeruginosus	marshharrier.jpg
Hen Harrier	Circus cyaneus	henharrier.jpg
Golden Eagle	Aquila chrysaetos	goldeneagle.jpg
White-tailed Eagle	Haliaeetus albicilla	whitetailedeagle.jpg
Osprey	Pandion haliaetus	osprey.jpg
Grey Partridge	Perdix perdix	greypartridge.jpg
Red-legged Partridge	Alectoris rufa	redleggedpartridge.jpg
Red Grouse	Lagopus lagopus	redgrouse.jpg
Black Grouse	Lyrurus tetrix	blackgrouse.jpg
Capercaillie	Tetrao urogallus	capercaillie.jpg
Quail	Coturnix coturnix	quail.jpg
Grey Plover	Pluvialis squatarola	greyplover.jpg
Golden Plover	Pluvialis apricaria	goldenplover.jpg
Ringed Plover	Charadrius hiaticula	ringedplover.jpg
Little Ringed Plover	Charadrius dubius	littleringedplover.jpg
Dunlin	Calidris alpina	dunlin.jpg
Sanderling	Calidris alba	sanderling.jpg
Knot	Calidris canutus	knot.jpg
Turnstone	Arenaria interpres	turnstone.jpg
Redshank	Tringa totanus	redshank.jpg
Greenshank	Tringa nebularia	greenshank.jpg
Common Sandpiper	Actitis hypoleucos	commonsandpiper.jpg
Green Sandpiper	Tringa ochropus	greensandpiper.jpg
Snipe	Gallinago gallinago	snipe.jpg
Woodcock	Scolopax rusticola	woodcock.jpg
Black-tailed Godwit	Limosa limosa	blacktailedgodwit.jpg
Bar-tailed Godwit	Limosa lapponica	bartailedgodwit.jpg
Whimbrel	Numenius phaeopus	whimbrel.jpg
Avocet	Recurvirostra avosetta	avocet.jpg
Ruff	Calidris pugnax	ruff.jpg
Little Stint	Calidris minuta	littlestint.jpg
Purple Sandpiper	Calidris maritima	purplesandpiper.jpg
Grey Lag Goose	Anser anser	greylaggoose.jpg
Pink-footed Goose	Anser brachyrhynchus	pinkfootedgoose.jpg
White-fronted Goose	Anser albifrons	whitefrontedgoose.jpg
Barnacle Goose	Branta leucopsis	barnaclegoose.jpg
Brent Goose	Branta bernicla	brentgoose.jpg
Egyptian Goose	Alopochen aegyptiaca	egyptiangoose.jpg
Shelduck	Tadorna tadorna	shelduck.jpg
Wigeon	Mareca penelope	wigeon.jpg
Gadwall	Mareca strepera	gadwall.jpg
Teal	Anas crecca	teal.jpg
Pintail	Anas acuta	pintail.jpg
Shoveler	Spatula clypeata	shoveler.jpg
Pochard	Aythya ferina	pochard.jpg
Tufted Duck	Aythya fuligula	tuftedduck.jpg
Goldeneye	Bucephala clangula	goldeneye.jpg
Goosander	Mergus merganser	goosander.jpg
Red-breasted Merganser	Mergus serrator	redbreastedmerganser.jpg
Eider	Somateria mollissima	eider.jpg
Common Scoter	Melanitta nigra	commonscoter.jpg
Long-tailed Duck	Clangula hyemalis	longtailedduck.jpg
Mandarin Duck	Aix galericulata	mandarinduck.jpg
Whooper Swan	Cygnus cygnus	whooperswan.jpg
Bewick's Swan	Cygnus columbianus	bewicksswan.jpg
Little Grebe	Tachybaptus ruficollis	littlegrebe.jpg
Slavonian Grebe	Podiceps auritus	slavoniangrebe.jpg
Black-necked Grebe	Podiceps nigricollis	blackneckedgrebe.jpg
Water Rail	Rallus aquaticus	waterrail.jpg
Little Egret	Egretta garzetta	littleegret.jpg
Great White Egret	Ardea alba	greatwhiteegret.jpg
Cattle Egret	Bubulcus ibis	cattleegret.jpg
Bittern	Botaurus stellaris	bittern.jpg
Spoonbill	Platalea leucorodia	spoonbill.jpg
Common Tern	Sterna hirundo	commontern.jpg
Arctic Tern	Sterna paradisaea	arctictern.jpg
Sandwich Tern	Thalasseus sandvicensis	sandwichtern.jpg
Little Tern	Sternula albifrons	littletern.jpg
Common Gull	Larus canus	commongull.jpg
Lesser Black-backed Gull	Larus fuscus	lesserblackbackedgull.jpg
Great Black-backed Gull	Larus marinus	greatblackbackedgull.jpg
Kittiwake	Rissa tridactyla	kittiwake.jpg
Mediterranean Gull	Ichthyaetus melanocephalus	mediterraneangull.jpg
Guillemot	Uria aalge	guillemot.jpg
Razorbill	Alca torda	razorbill.jpg
Black Guillemot	Cepphus grylle	blackguillemot.jpg
Fulmar	Fulmarus glacialis	fulmar.jpg
Manx Shearwater	Puffinus puffinus	manxshearwater.jpg
Shag	Gulosus aristotelis	shag.jpg
Storm Petrel	Hydrobates pelagicus	stormpetrel.jpg
Arctic Skua	Stercorarius parasiticus	arcticskua.jpg
Great Skua	Stercorarius skua	greatskua.jpg
Little Auk	Alle alle	littleauk.jpg
Dipper	Cinclus cinclus	dipper.jpg
Waxwing	Bombycilla garrulus	waxwing.jpg
Nightjar	Caprimulgus europaeus	nightjar.jpg
Hoopoe	Upupa epops	hoopoe.jpg
Wryneck	Jynx torquilla	wryneck.jpg
Corncrake	Crex crex	corncrake.jpg
Spotted Crake	Porzana porzana	spottedcrake.jpg
Stone Curlew	Burhinus oedicnemus	stonecurlew.jpg
Chough	Pyrrhocorax pyrrhocorax	chough.jpg
Red-necked Phalarope	Phalaropus lobatus	redneckedphalarope.jpg
Grey Phalarope	Phalaropus fulicarius	greyphalarope.jpg
Ptarmigan	Lagopus muta	ptarmigan.jpg
Crested Lark	Galerida cristata	crestedlark.jpg
Shore Lark	Eremophila alpestris	shorelark.jpg
Water Pipit	Anthus spinoletta	waterpipit.jpg
Richard's Pipit	Anthus richardi	richardspipit.jpg
Yellow-browed Warbler	Phylloscopus inornatus	yellowbrowedwarbler.jpg
Pallas's Warbler	Phylloscopus proregulus	pallasswarbler.jpg
Barred Warbler	Curruca nisoria	barredwarbler.jpg
Icterine Warbler	Hippolais icterina	icterinewarbler.jpg
Marsh Warbler	Acrocephalus palustris	marshwarbler.jpg
Savi's Warbler	Locustella luscinioides	saviswarbler.jpg
Red-backed Shrike	Lanius collurio	redbackedshrike.jpg
Great Grey Shrike	Lanius excubitor	greatgreyshrike.jpg
Golden Oriole	Oriolus oriolus	goldenoriole.jpg
Serin	Serinus serinus	serin.jpg
Common Rosefinch	Carpodacus erythrinus	commonrosefinch.jpg
Ortolan Bunting	Emberiza hortulana	ortolanbunting.jpg
Lapland Bunting	Calcarius lapponicus	laplandbunting.jpg
Little Bunting	Emberiza pusilla	littlebunting.jpg
Red-throated Diver	Gavia stellata	redthroateddiver.jpg
Black-throated Diver	Gavia arctica	blackthroateddiver.jpg
Great Northern Diver	Gavia immer	greatnortherndiver.jpg
Garganey	Spatula querquedula	garganey.jpg
Smew	Mergellus albellus	smew.jpg
Scaup	Aythya marila	scaup.jpg
Velvet Scoter	Melanitta fusca	velvetscoter.jpg
Ruddy Duck	Oxyura jamaicensis	ruddyduck.jpg
Honey Buzzard	Pernis apivorus	honeybuzzard.jpg
Montagu's Harrier	Circus pygargus	montagusharrier.jpg
Rough-legged Buzzard	Buteo lagopus	roughleggedbuzzard.jpg
Sabine's Gull	Xema sabini	sabinesgull.jpg
Iceland Gull	Larus glaucoides	icelandgull.jpg
Glaucous Gull	Larus hyperboreus	glaucousgull.jpg
Yellow-legged Gull	Larus michahellis	yellowleggedgull.jpg
Roseate Tern	Sterna dougallii	roseatetern.jpg
Black Tern	Chlidonias niger	blacktern.jpg
Pomarine Skua	Stercorarius pomarinus	pomarineskua.jpg
